0 verbose cli C:\Program Files\nodejs\node.exe C:\Program Files\nodejs\node_modules\npm\bin\npm-cli.js
1 info using npm@11.6.2
2 info using node@v25.2.1
3 silly config load:file:C:\Program Files\nodejs\node_modules\npm\npmrc
4 silly config load:file:C:\xampp\htdocs\SMPIS\.npmrc
5 silly config load:file:C:\Users\WM EASY COMP\.npmrc
6 silly config load:file:C:\Users\WM EASY COMP\.npm-global\etc\npmrc
7 verbose title npm audit
8 verbose argv "audit" "--cache" ".npm-cache"
9 verbose logfile logs-max:10 dir:C:\xampp\htdocs\SMPIS\.npm-cache\_logs\2026-09-29T18_22_54_174Z-
10 verbose logfile C:\xampp\htdocs\SMPIS\.npm-cache\_logs\2026-09-29T18_22_54_174Z-debug-0.log
11 silly logfile done cleaning log files
12 silly packumentCache heap:4496293888 maxSize:1124073472 maxEntrySize:562036736
13 silly audit bulk request {
13 silly audit   '@electric-sql/pglite': [ '0.5.8' ],
13 silly audit   '@fast-csv/format': [ '4.3.5' ],
13 silly audit   '@types/node': [ '14.18.63' ],
13 silly audit   '@fast-csv/parse': [ '4.3.6' ],
13 silly audit   '@noble/ciphers': [ '1.3.0' ],
13 silly audit   '@noble/hashes': [ '2.4.0', '1.8.0' ],
13 silly audit   '@oxc-project/types': [ '0.151.0' ],
13 silly audit   '@playwright/test': [ '1.63.0' ],
13 silly audit   '@rolldown/binding-android-arm-eabi': [ '1.2.11' ],
13 silly audit   '@rolldown/binding-android-arm64': [ '1.2.11' ],
13 silly audit   '@rolldown/binding-darwin-arm64': [ '1.2.11' ],
13 silly audit   '@rolldown/binding-darwin-x64': [ '1.2.11' ],
13 silly audit   '@rolldown/binding-freebsd-x64': [ '1.2.11' ],
13 silly audit   '@rolldown/binding-linux-arm-gnueabihf': [ '1.2.11' ],
13 silly audit   '@rolldown/binding-linux-arm64-gnu': [ '1.2.11' ],
13 silly audit   '@rolldown/binding-linux-arm64-musl': [ '1.2.11' ],
13 silly audit   '@rolldown/binding-linux-ppc64-gnu': [ '1.2.11' ],
13 silly audit   '@rolldown/binding-linux-s390x-gnu': [ '1.2.11' ],
13 silly audit   '@rolldown/binding-linux-x64-gnu': [ '1.2.11' ],
13 silly audit   '@rolldown/binding-linux-x64-musl': [ '1.2.11' ],
13 silly audit   '@rolldown/binding-openharmony-arm64': [ '1.2.11' ],
13 silly audit   '@rolldown/binding-win32-arm64-msvc': [ '1.2.11' ],
13 silly audit   '@rolldown/binding-win32-x64-msvc': [ '1.2.11' ],
13 silly audit   '@rolldown/pluginutils': [ '1.0.1' ],
13 silly audit   '@swc/helpers': [ '0.5.23' ],
13 silly audit   '@vitejs/plugin-react': [ '6.1.1' ],
13 silly audit   accepts: [ '2.0.0' ],
13 silly audit   'append-field': [ '1.0.0' ],
13 silly audit   archiver: [ '5.3.2' ],
13 silly audit   'archiver-utils': [ '2.1.0', '3.0.4' ],
13 silly audit   'readable-stream': [ '2.3.8', '3.6.2' ],
13 silly audit   'safe-buffer': [ '5.1.2', '5.2.1' ],
13 silly audit   string_decoder: [ '1.1.1', '1.3.0' ],
13 silly audit   async: [ '3.2.6' ],
13 silly audit   'balanced-match': [ '1.0.2' ],
13 silly audit   'base64-js': [ '1.5.1', '0.0.8' ],
13 silly audit   'big-integer': [ '1.6.52' ],
13 silly audit   binary: [ '0.3.0' ],
13 silly audit   bl: [ '4.1.0' ],
13 silly audit   bluebird: [ '3.4.7' ],
13 silly audit   'body-parser': [ '2.3.0' ],
13 silly audit   'content-type': [ '2.1.0', '1.0.5' ],
13 silly audit   'brace-expansion': [ '1.1.21', '2.1.7' ],
13 silly audit   brotli: [ '1.3.3' ],
13 silly audit   buffer: [ '5.7.1' ],
13 silly audit   'buffer-crc32': [ '0.2.13' ],
13 silly audit   'buffer-indexof-polyfill': [ '1.0.2' ],
13 silly audit   buffers: [ '0.1.1' ],
13 silly audit   busboy: [ '1.6.0' ],
13 silly audit   bytes: [ '3.1.2' ],
13 silly audit   'call-bind-apply-helpers': [ '1.0.2' ],
13 silly audit   'call-bound': [ '1.0.4' ],
13 silly audit   chainsaw: [ '0.1.0' ],
13 silly audit   clone: [ '2.1.2' ],
13 silly audit   'compress-commons': [ '4.1.2' ],
13 silly audit   'concat-map': [ '0.0.1' ],
13 silly audit   'content-disposition': [ '1.1.0' ],
13 silly audit   cookie: [ '0.7.2' ],
13 silly audit   'cookie-parser': [ '1.4.7' ],
13 silly audit   'cookie-signature': [ '1.0.6', '1.2.2' ],
13 silly audit   'core-util-is': [ '1.0.3' ],
13 silly audit   'crc-32': [ '1.2.2' ],
13 silly audit   'crc32-stream': [ '4.0.3' ],
13 silly audit   dayjs: [ '1.11.23' ],
13 silly audit   debug: [ '4.4.3' ],
13 silly audit   depd: [ '2.0.0' ],
13 silly audit   'detect-libc': [ '2.1.2' ],
13 silly audit   dfa: [ '1.2.0' ],
13 silly audit   dotenv: [ '18.0.4' ],
13 silly audit   'dunder-proto': [ '1.0.1' ],
13 silly audit   duplexer2: [ '0.1.4' ],
13 silly audit   'ee-first': [ '1.1.1' ],
13 silly audit   encodeurl: [ '2.0.0' ],
13 silly audit   'end-of-stream': [ '1.4.5' ],
13 silly audit   'es-define-property': [ '1.0.1' ],
13 silly audit   'es-errors': [ '1.3.0' ],
13 silly audit   'es-object-atoms': [ '1.1.2' ],
13 silly audit   'escape-html': [ '1.0.3' ],
13 silly audit   etag: [ '1.8.1' ],
13 silly audit   exceljs: [ '4.4.0' ],
13 silly audit   express: [ '5.2.1' ],
13 silly audit   'express-rate-limit': [ '8.7.0' ],
13 silly audit   'fast-csv': [ '4.3.6' ],
13 silly audit   'fast-deep-equal': [ '3.1.3' ],
13 silly audit   fdir: [ '6.5.0' ],
13 silly audit   fflate: [ '0.8.3' ],
13 silly audit   finalhandler: [ '2.1.1' ],
13 silly audit   fontkit: [ '2.0.4' ],
13 silly audit   forwarded: [ '0.2.0' ],
13 silly audit   fresh: [ '2.0.0' ],
13 silly audit   'fs-constants': [ '1.0.0' ],
13 silly audit   'fs.realpath': [ '1.0.0' ],
13 silly audit   fsevents: [ '2.3.3' ],
13 silly audit   fstream: [ '1.0.12' ],
13 silly audit   'function-bind': [ '1.1.2' ],
13 silly audit   'get-intrinsic': [ '1.3.0' ],
13 silly audit   'get-proto': [ '1.0.1' ],
13 silly audit   glob: [ '7.2.3' ],
13 silly audit   gopd: [ '1.2.0' ],
13 silly audit   'graceful-fs': [ '4.2.11' ],
13 silly audit   'has-symbols': [ '1.1.0' ],
13 silly audit   hasown: [ '2.0.4' ],
13 silly audit   helmet: [ '8.3.0' ],
13 silly audit   'http-errors': [ '2.0.1' ],
13 silly audit   'iconv-lite': [ '0.7.3' ],
13 silly audit   ieee754: [ '1.2.1' ],
13 silly audit   immediate: [ '3.0.6' ],
13 silly audit   inflight: [ '1.0.6' ],
13 silly audit   inherits: [ '2.0.4' ],
13 silly audit   'ip-address': [ '10.7.2' ],
13 silly audit   'ipaddr.js': [ '1.9.1' ],
13 silly audit   'is-promise': [ '4.0.0' ],
13 silly audit   isarray: [ '1.0.0' ],
13 silly audit   jszip: [ '3.10.2' ],
13 silly audit   lazystream: [ '1.0.1' ],
13 silly audit   lie: [ '3.3.0' ],
13 silly audit   lightningcss: [ '1.33.0' ],
13 silly audit   'lightningcss-android-arm64': [ '1.33.0' ],
13 silly audit   'lightningcss-darwin-arm64': [ '1.33.0' ],
13 silly audit   'lightningcss-darwin-x64': [ '1.33.0' ],
13 silly audit   'lightningcss-freebsd-x64': [ '1.33.0' ],
13 silly audit   'lightningcss-linux-arm-gnueabihf': [ '1.33.0' ],
13 silly audit   'lightningcss-linux-arm64-gnu': [ '1.33.0' ],
13 silly audit   'lightningcss-linux-arm64-musl': [ '1.33.0' ],
13 silly audit   'lightningcss-linux-x64-gnu': [ '1.33.0' ],
13 silly audit   'lightningcss-linux-x64-musl': [ '1.33.0' ],
13 silly audit   'lightningcss-win32-arm64-msvc': [ '1.33.0' ],
13 silly audit   'lightningcss-win32-x64-msvc': [ '1.33.0' ],
13 silly audit   linebreak: [ '1.1.0' ],
13 silly audit   listenercount: [ '1.0.1' ],
13 silly audit   'lodash.defaults': [ '4.2.0' ],
13 silly audit   'lodash.difference': [ '4.5.0' ],
13 silly audit   'lodash.escaperegexp': [ '4.1.2' ],
13 silly audit   'lodash.flatten': [ '4.4.0' ],
13 silly audit   'lodash.groupby': [ '4.6.0' ],
13 silly audit   'lodash.isboolean': [ '3.0.3' ],
13 silly audit   'lodash.isequal': [ '4.5.0' ],
13 silly audit   'lodash.isfunction': [ '3.0.9' ],
13 silly audit   'lodash.isnil': [ '4.0.0' ],
13 silly audit   'lodash.isplainobject': [ '4.0.6' ],
13 silly audit   'lodash.isundefined': [ '3.0.1' ],
13 silly audit   'lodash.union': [ '4.6.0' ],
13 silly audit   'lodash.uniq': [ '4.5.0' ],
13 silly audit   'lucide-react': [ '1.48.0' ],
13 silly audit   'math-intrinsics': [ '1.1.0' ],
13 silly audit   'media-typer': [ '1.1.1', '0.3.0' ],
13 silly audit   'merge-descriptors': [ '2.0.0' ],
13 silly audit   'mime-db': [ '1.54.0', '1.52.0' ],
13 silly audit   'mime-types': [ '3.0.2', '2.1.35' ],
13 silly audit   minimatch: [ '3.1.5', '5.1.9' ],
13 silly audit   minimist: [ '1.2.8' ],
13 silly audit   mkdirp: [ '0.5.6' ],
13 silly audit   ms: [ '2.1.3' ],
13 silly audit   multer: [ '2.4.0' ],
13 silly audit   'type-is': [ '1.6.18', '2.1.0' ],
13 silly audit   nanoid: [ '3.3.19' ],
13 silly audit   negotiator: [ '1.1.0' ],
13 silly audit   nodemailer: [ '10.0.12' ],
13 silly audit   'normalize-path': [ '3.0.0' ],
13 silly audit   'object-inspect': [ '1.13.4' ],
13 silly audit   'on-finished': [ '2.4.1' ],
13 silly audit   once: [ '1.4.0' ],
13 silly audit   otpauth: [ '9.5.2' ],
13 silly audit   pako: [ '1.0.11', '0.2.9' ],
13 silly audit   parseurl: [ '1.3.3' ],
13 silly audit   'path-is-absolute': [ '1.0.1' ],
13 silly audit   'path-to-regexp': [ '8.4.2' ],
13 silly audit   pdfkit: [ '0.20.2' ],
13 silly audit   pg: [ '8.23.0' ],
13 silly audit   'pg-cloudflare': [ '1.4.0' ],
13 silly audit   'pg-connection-string': [ '2.14.0' ],
13 silly audit   'pg-int8': [ '1.0.1' ],
13 silly audit   'pg-pool': [ '3.14.0' ],
13 silly audit   'pg-protocol': [ '1.16.0' ],
13 silly audit   'pg-types': [ '2.2.0' ],
13 silly audit   pgpass: [ '1.0.5' ],
13 silly audit   picocolors: [ '1.1.1' ],
13 silly audit   picomatch: [ '4.0.7' ],
13 silly audit   playwright: [ '1.63.0' ],
13 silly audit   'playwright-core': [ '1.63.0' ],
13 silly audit   'png-js': [ '2.0.0' ],
13 silly audit   postcss: [ '8.5.28' ],
13 silly audit   'postgres-array': [ '2.0.0' ],
13 silly audit   'postgres-bytea': [ '1.0.1' ],
13 silly audit   'postgres-date': [ '1.0.7' ],
13 silly audit   'postgres-interval': [ '1.2.0' ],
13 silly audit   prettier: [ '3.9.9' ],
13 silly audit   'process-nextick-args': [ '2.0.1' ],
13 silly audit   'proxy-addr': [ '2.0.8' ],
13 silly audit   qs: [ '6.16.0' ],
13 silly audit   'range-parser': [ '1.3.0' ],
13 silly audit   'raw-body': [ '3.0.2' ],
13 silly audit   react: [ '19.3.0' ],
13 silly audit   'react-dom': [ '19.3.0' ],
13 silly audit   'readdir-glob': [ '1.1.3' ],
13 silly audit   restructure: [ '3.0.2' ],
13 silly audit   rimraf: [ '2.7.1' ],
13 silly audit   rolldown: [ '1.2.11' ],
13 silly audit   router: [ '2.2.0' ],
13 silly audit   'safer-buffer': [ '2.1.2' ],
13 silly audit   saxes: [ '5.0.1' ],
13 silly audit   scheduler: [ '0.28.0' ],
13 silly audit   send: [ '1.2.1' ],
13 silly audit   'serve-static': [ '2.2.1' ],
13 silly audit   setimmediate: [ '1.0.5' ],
13 silly audit   setprototypeof: [ '1.2.0' ],
13 silly audit   'side-channel': [ '1.1.1' ],
13 silly audit   'side-channel-list': [ '1.0.1' ],
13 silly audit   'side-channel-map': [ '1.0.1' ],
13 silly audit   'side-channel-weakmap': [ '1.0.2' ],
13 silly audit   'source-map-js': [ '1.2.1' ],
13 silly audit   split2: [ '4.2.0' ],
13 silly audit   statuses: [ '2.0.2' ],
13 silly audit   streamsearch: [ '1.1.0' ],
13 silly audit   'tar-stream': [ '2.2.0' ],
13 silly audit   'tiny-inflate': [ '1.0.3' ],
13 silly audit   tinyglobby: [ '0.2.17' ],
13 silly audit   tmp: [ '0.2.7' ],
13 silly audit   toidentifier: [ '1.0.1' ],
13 silly audit   traverse: [ '0.3.9' ],
13 silly audit   tslib: [ '2.8.1' ],
13 silly audit   'unicode-properties': [ '1.4.1' ],
13 silly audit   'unicode-trie': [ '2.0.0' ],
13 silly audit   unpipe: [ '1.0.0' ],
13 silly audit   unzipper: [ '0.10.14' ],
13 silly audit   'util-deprecate': [ '1.0.2' ],
13 silly audit   uuid: [ '11.1.1' ],
13 silly audit   vary: [ '1.1.2' ],
13 silly audit   vite: [ '8.3.1' ],
13 silly audit   wrappy: [ '1.0.2' ],
13 silly audit   xmlchars: [ '2.2.0' ],
13 silly audit   xtend: [ '4.0.2' ],
13 silly audit   'zip-stream': [ '4.1.1' ],
13 silly audit   zod: [ '4.6.5' ]
13 silly audit }
14 http fetch GET https://registry.npmjs.org/npm attempt 1 failed with EACCES
15 verbose audit error FetchError: request to https://registry.npmjs.org/-/npm/v1/security/advisories/bulk failed, reason: 
15 verbose audit error     at ClientRequest.<anonymous> (C:\Program Files\nodejs\node_modules\npm\node_modules\minipass-fetch\lib\index.js:130:14)
15 verbose audit error     at ClientRequest.emit (node:events:508:28)
15 verbose audit error     at emitErrorEvent (node:_http_client:108:11)
15 verbose audit error     at _destroy (node:_http_client:962:9)
15 verbose audit error     at onSocketNT (node:_http_client:982:5)
15 verbose audit error     at process.processTicksAndRejections (node:internal/process/task_queues:90:21) {
15 verbose audit error   code: 'EACCES',
15 verbose audit error   errno: 'EACCES',
15 verbose audit error   type: 'system'
15 verbose audit error }
16 silly audit error undefined
17 silly audit report null
18 warn audit request to https://registry.npmjs.org/-/npm/v1/security/advisories/bulk failed, reason: 
19 error audit endpoint returned an error
20 verbose cwd C:\xampp\htdocs\SMPIS
21 verbose os Windows_NT 10.0.22631
22 verbose node v25.2.1
23 verbose npm  v11.6.2
24 verbose exit 1
25 verbose code 1
26 error A complete log of this run can be found in: C:\xampp\htdocs\SMPIS\.npm-cache\_logs\2026-09-29T18_22_54_174Z-debug-0.log
